[pbt] resuming from /home/lch/Isaac-RL-Two-wheel-Legged-Bot/logs/co_rl/Flamingo_Light_Rough_Stair_Jump/ppo/_pbt/pbt_2026-07-23_21-38-18 at generation 3
[pbt] results dir: /home/lch/Isaac-RL-Two-wheel-Legged-Bot/logs/co_rl/Flamingo_Light_Rough_Stair_Jump/ppo/_pbt/pbt_2026-07-23_21-38-18
[pbt] g3 m0: already done this generation (metric=1.676) — skipping
[pbt] g3 m1: already done this generation (metric=1.604) — skipping
[pbt] g3 m2: {'env.rewards.stair_climb.weight': 23.5, 'env.rewards.stair_climb.params.growth': 3.03012, 'env.rewards.jump_lin_vel_z.weight': 5.268479999999999, 'env.rewards.base_height_jump.weight': -15.0, 'env.curriculum.terrain_levels.params.promote_steps': 3.0, 'agent.algorithm.entropy_coef': 0.007025833333333333, 'agent.algorithm.learning_rate': 0.001, 'env.curriculum.adaptive_reward.params.penalty_budget': 0.4766666666666666, 'env.curriculum.adaptive_reward.params.g_min': 0.49583333333333335, 'env.commands.stair_event.y_halfwidth': 0.16467576835757058, 'env.commands.stair_event.step_threshold': 0.041511286630781796, 'env.commands.stair_event.event_during_time': 0.4679925632356595}
[pbt]   $ /home/lch/miniconda3/envs/env_isaaclab/bin/python scripts/co_rl/train.py --task Isaac-Velocity-Rough-Flamingo-Light-Stair-Jump-v1-ppo --algo ppo --max_iterations 1000 --run_name pbt_g3m2 --param_overrides /home/lch/Isaac-RL-Two-wheel-Legged-Bot/logs/co_rl/Flamingo_Light_Rough_Stair_Jump/ppo/_pbt/pbt_2026-07-23_21-38-18/pbt_g3m2_overrides.json --headless --num_envs 8192 --adaptive_reward --warmstart_ckpt /home/lch/Isaac-RL-Two-wheel-Legged-Bot/logs/co_rl/Flamingo_Light_Rough_Stair_Jump/ppo/2026-07-24_03-20-07_pbt_g2m2/model_999.pt
[pbt] g3 m2: metric=1.552 status=ok
[pbt] g3 m3: {'env.rewards.stair_climb.weight': 23.5, 'env.rewards.stair_climb.params.growth': 3.03012, 'env.rewards.jump_lin_vel_z.weight': 3.6586666666666665, 'env.rewards.base_height_jump.weight': -15.0, 'env.curriculum.terrain_levels.params.promote_steps': 3.0, 'agent.algorithm.entropy_coef': 0.007025833333333333, 'agent.algorithm.learning_rate': 0.001, 'env.curriculum.adaptive_reward.params.penalty_budget': 0.6863999999999999, 'env.curriculum.adaptive_reward.params.g_min': 0.714, 'env.commands.stair_event.y_halfwidth': 0.16467576835757058, 'env.commands.stair_event.step_threshold': 0.041511286630781796, 'env.commands.stair_event.event_during_time': 0.4679925632356595}
[pbt]   $ /home/lch/miniconda3/envs/env_isaaclab/bin/python scripts/co_rl/train.py --task Isaac-Velocity-Rough-Flamingo-Light-Stair-Jump-v1-ppo --algo ppo --max_iterations 1000 --run_name pbt_g3m3 --param_overrides /home/lch/Isaac-RL-Two-wheel-Legged-Bot/logs/co_rl/Flamingo_Light_Rough_Stair_Jump/ppo/_pbt/pbt_2026-07-23_21-38-18/pbt_g3m3_overrides.json --headless --num_envs 8192 --adaptive_reward --warmstart_ckpt /home/lch/Isaac-RL-Two-wheel-Legged-Bot/logs/co_rl/Flamingo_Light_Rough_Stair_Jump/ppo/2026-07-24_02-11-46_pbt_g2m0/model_999.pt
[pbt] g3 m3: metric=1.697 status=ok
[pbt] g3: member 2 exploits [3] (copies ckpt+params of a top member, then perturbs)
[pbt] g4 m0: {'env.rewards.stair_climb.weight': 23.5, 'env.rewards.stair_climb.params.growth': 2.5251, 'env.rewards.jump_lin_vel_z.weight': 4.3904, 'env.rewards.base_height_jump.weight': -15.0, 'env.curriculum.terrain_levels.params.promote_steps': 3.0, 'agent.algorithm.entropy_coef': 0.008431, 'agent.algorithm.learning_rate': 0.001, 'env.curriculum.adaptive_reward.params.penalty_budget': 0.572, 'env.curriculum.adaptive_reward.params.g_min': 0.595, 'env.commands.stair_event.y_halfwidth': 0.16467576835757058, 'env.commands.stair_event.step_threshold': 0.041511286630781796, 'env.commands.stair_event.event_during_time': 0.4679925632356595}
[pbt]   $ /home/lch/miniconda3/envs/env_isaaclab/bin/python scripts/co_rl/train.py --task Isaac-Velocity-Rough-Flamingo-Light-Stair-Jump-v1-ppo --algo ppo --max_iterations 1000 --run_name pbt_g4m0 --param_overrides /home/lch/Isaac-RL-Two-wheel-Legged-Bot/logs/co_rl/Flamingo_Light_Rough_Stair_Jump/ppo/_pbt/pbt_2026-07-23_21-38-18/pbt_g4m0_overrides.json --headless --num_envs 8192 --adaptive_reward --warmstart_ckpt /home/lch/Isaac-RL-Two-wheel-Legged-Bot/logs/co_rl/Flamingo_Light_Rough_Stair_Jump/ppo/2026-07-24_04-28-25_pbt_g3m0/model_999.pt
[pbt] g4 m0: metric=1.280 status=ok
[pbt] g4 m1: {'env.rewards.stair_climb.weight': 23.5, 'env.rewards.stair_climb.params.growth': 3.03012, 'env.rewards.jump_lin_vel_z.weight': 3.6586666666666665, 'env.rewards.base_height_jump.weight': -15.0, 'env.curriculum.terrain_levels.params.promote_steps': 3.0, 'agent.algorithm.entropy_coef': 0.007025833333333333, 'agent.algorithm.learning_rate': 0.001, 'env.curriculum.adaptive_reward.params.penalty_budget': 0.6863999999999999, 'env.curriculum.adaptive_reward.params.g_min': 0.714, 'env.commands.stair_event.y_halfwidth': 0.16467576835757058, 'env.commands.stair_event.step_threshold': 0.041511286630781796, 'env.commands.stair_event.event_during_time': 0.4679925632356595}
[pbt]   $ /home/lch/miniconda3/envs/env_isaaclab/bin/python scripts/co_rl/train.py --task Isaac-Velocity-Rough-Flamingo-Light-Stair-Jump-v1-ppo --algo ppo --max_iterations 1000 --run_name pbt_g4m1 --param_overrides /home/lch/Isaac-RL-Two-wheel-Legged-Bot/logs/co_rl/Flamingo_Light_Rough_Stair_Jump/ppo/_pbt/pbt_2026-07-23_21-38-18/pbt_g4m1_overrides.json --headless --num_envs 8192 --adaptive_reward --warmstart_ckpt /home/lch/Isaac-RL-Two-wheel-Legged-Bot/logs/co_rl/Flamingo_Light_Rough_Stair_Jump/ppo/2026-07-24_05-02-27_pbt_g3m1/model_999.pt
[pbt] g4 m1: metric=0.948 status=ok
[pbt] g4 m2: {'env.rewards.stair_climb.weight': 23.5, 'env.rewards.stair_climb.params.growth': 3.6, 'env.rewards.jump_lin_vel_z.weight': 3.5, 'env.rewards.base_height_jump.weight': -15.0, 'env.curriculum.terrain_levels.params.promote_steps': 3.0, 'agent.algorithm.entropy_coef': 0.008431, 'agent.algorithm.learning_rate': 0.001, 'env.curriculum.adaptive_reward.params.penalty_budget': 0.8, 'env.curriculum.adaptive_reward.params.g_min': 0.595, 'env.commands.stair_event.y_halfwidth': 0.16467576835757058, 'env.commands.stair_event.step_threshold': 0.041511286630781796, 'env.commands.stair_event.event_during_time': 0.4679925632356595}
[pbt]   $ /home/lch/miniconda3/envs/env_isaaclab/bin/python scripts/co_rl/train.py --task Isaac-Velocity-Rough-Flamingo-Light-Stair-Jump-v1-ppo --algo ppo --max_iterations 1000 --run_name pbt_g4m2 --param_overrides /home/lch/Isaac-RL-Two-wheel-Legged-Bot/logs/co_rl/Flamingo_Light_Rough_Stair_Jump/ppo/_pbt/pbt_2026-07-23_21-38-18/pbt_g4m2_overrides.json --headless --num_envs 8192 --adaptive_reward --warmstart_ckpt /home/lch/Isaac-RL-Two-wheel-Legged-Bot/logs/co_rl/Flamingo_Light_Rough_Stair_Jump/ppo/2026-07-24_10-59-53_pbt_g3m3/model_999.pt
[pbt] g4 m2: metric=0.475 status=ok
[pbt] g4 m3: {'env.rewards.stair_climb.weight': 23.5, 'env.rewards.stair_climb.params.growth': 3.03012, 'env.rewards.jump_lin_vel_z.weight': 3.6586666666666665, 'env.rewards.base_height_jump.weight': -15.0, 'env.curriculum.terrain_levels.params.promote_steps': 3.0, 'agent.algorithm.entropy_coef': 0.007025833333333333, 'agent.algorithm.learning_rate': 0.001, 'env.curriculum.adaptive_reward.params.penalty_budget': 0.6863999999999999, 'env.curriculum.adaptive_reward.params.g_min': 0.714, 'env.commands.stair_event.y_halfwidth': 0.16467576835757058, 'env.commands.stair_event.step_threshold': 0.041511286630781796, 'env.commands.stair_event.event_during_time': 0.4679925632356595}
[pbt]   $ /home/lch/miniconda3/envs/env_isaaclab/bin/python scripts/co_rl/train.py --task Isaac-Velocity-Rough-Flamingo-Light-Stair-Jump-v1-ppo --algo ppo --max_iterations 1000 --run_name pbt_g4m3 --param_overrides /home/lch/Isaac-RL-Two-wheel-Legged-Bot/logs/co_rl/Flamingo_Light_Rough_Stair_Jump/ppo/_pbt/pbt_2026-07-23_21-38-18/pbt_g4m3_overrides.json --headless --num_envs 8192 --adaptive_reward --warmstart_ckpt /home/lch/Isaac-RL-Two-wheel-Legged-Bot/logs/co_rl/Flamingo_Light_Rough_Stair_Jump/ppo/2026-07-24_10-59-53_pbt_g3m3/model_999.pt
[pbt] g4 m3: metric=1.611 status=ok

[pbt] DONE. best member: metric=1.611
[pbt]   params={
  "env.rewards.stair_climb.weight": 23.5,
  "env.rewards.stair_climb.params.growth": 3.03012,
  "env.rewards.jump_lin_vel_z.weight": 3.6586666666666665,
  "env.rewards.base_height_jump.weight": -15.0,
  "env.curriculum.terrain_levels.params.promote_steps": 3.0,
  "agent.algorithm.entropy_coef": 0.007025833333333333,
  "agent.algorithm.learning_rate": 0.001,
  "env.curriculum.adaptive_reward.params.penalty_budget": 0.6863999999999999,
  "env.curriculum.adaptive_reward.params.g_min": 0.714,
  "env.commands.stair_event.y_halfwidth": 0.16467576835757058,
  "env.commands.stair_event.step_threshold": 0.041511286630781796,
  "env.commands.stair_event.event_during_time": 0.4679925632356595
}
[pbt]   ckpt=/home/lch/Isaac-RL-Two-wheel-Legged-Bot/logs/co_rl/Flamingo_Light_Rough_Stair_Jump/ppo/2026-07-24_13-16-59_pbt_g4m3/model_999.pt
[pbt] full history: /home/lch/Isaac-RL-Two-wheel-Legged-Bot/logs/co_rl/Flamingo_Light_Rough_Stair_Jump/ppo/_pbt/pbt_2026-07-23_21-38-18/history.csv
